37529@Vickyzzz MINGW64 ~/Desktop
$ git clone git@github.com:Kurtoshkaaa/Kurtoshkaaa.git
Cloning into 'Kurtoshkaaa'...
Enter passphrase for key '/c/Users/37529/.ssh/id_rsa':
warning: You appear to have cloned an empty repository.

37529@Vickyzzz MINGW64 ~/Desktop
$ cd Kurtoshkaaa

37529@Vickyzzz MINGW64 ~/Desktop/Kurtoshkaaa (master)
$ git status
On branch master

No commits yet

Untracked files:
  (use "git add <file>..." to include in what will be committed)
        Homework/

nothing added to commit but untracked files present (use "git add" to track)

37529@Vickyzzz MINGW64 ~/Desktop/Kurtoshkaaa (master)
$ git add Homework/

37529@Vickyzzz MINGW64 ~/Desktop/Kurtoshkaaa (master)
$ git commit -m "Homework"
[master (root-commit) 04e2075] Homework
 1 file changed, 90 insertions(+)
 create mode 100644 Homework/KURTO (linux-terminal).txt

37529@Vickyzzz MINGW64 ~/Desktop/Kurtoshkaaa (master)
$ git push origin
Enter passphrase for key '/c/Users/37529/.ssh/id_rsa':
Enumerating objects: 4, done.
Counting objects: 100% (4/4), done.
Delta compression using up to 8 threads
Compressing objects: 100% (3/3), done.
Writing objects: 100% (4/4), 1.43 KiB | 1.43 MiB/s, done.
Total 4 (delta 0), reused 0 (delta 0), pack-reused 0
To github.com:Kurtoshkaaa/Kurtoshkaaa.git
 * [new branch]      master -> master
